// Jest Snapshot v1, https://goo.gl/fbAQLP

exports[`CsvDownloader .getBlobUrl should return the same output given the same input 1`] = `undefined`;
